
*** Running vivado
    with args -log mem_controller_top.vds -m64 -product Vivado -mode batch -messageDb vivado.pb -notrace -source mem_controller_top.tcl



****** Vivado v2025.2 (64-bit)
  **** SW Build 6299465 on Fri Nov 14 19:35:11 GMT 2025
  **** IP Build 6300035 on Fri Nov 14 10:48:45 MST 2025
  **** SharedData Build 6298862 on Thu Nov 13 04:50:51 MST 2025
  **** Start of session at: Fri Jun  5 01:16:44 2026
    ** Copyright 1986-2022 Xilinx, Inc. All Rights Reserved.
    ** Copyright 2022-2025 Advanced Micro Devices, Inc. All Rights Reserved.

source mem_controller_top.tcl -notrace
create_project: Time (s): cpu = 00:00:12 ; elapsed = 00:00:11 . Memory (MB): peak = 524.910 ; gain = 218.793
Command: read_checkpoint -auto_incremental -incremental {D:/Docs/Learning HCMUT/Logic design with HDL/Project 2 - Rework/DDR - AXI4Lite/DDR - AXI4Lite.srcs/utils_1/imports/synth_1/mem_controller_top.dcp}
INFO: [Vivado 12-5825] Read reference checkpoint from D:/Docs/Learning HCMUT/Logic design with HDL/Project 2 - Rework/DDR - AXI4Lite/DDR - AXI4Lite.srcs/utils_1/imports/synth_1/mem_controller_top.dcp for incremental synthesis
INFO: [Vivado 12-7989] Please ensure there are no constraint changes
Command: synth_design -top mem_controller_top -part xc7z020clg400-1
Starting synth_design
Attempting to get a license for feature 'Synthesis' and/or device 'xc7z020'
INFO: [Common 17-349] Got license for feature 'Synthesis' and/or device 'xc7z020'
INFO: [Device 21-403] Loading part xc7z020clg400-1
INFO: [Designutils 20-5440] No compile time benefit to using incremental synthesis; A full resynthesis will be run
INFO: [Designutils 20-4379] Flow is switching to default flow due to incremental criteria not met. If you would like to alter this behaviour and have the flow terminate instead, please set the following parameter config_implementation {autoIncr.Synth.RejectBehavior Terminate}
INFO: [Synth 8-7079] Multithreading enabled for synth_design using a maximum of 2 processes.
INFO: [Synth 8-7078] Launching helper process for spawning children vivado processes
INFO: [Synth 8-7075] Helper process launched with PID 19376
---------------------------------------------------------------------------------
Starting RTL Elaboration : Time (s): cpu = 00:00:06 ; elapsed = 00:00:14 . Memory (MB): peak = 1302.000 ; gain = 541.961
---------------------------------------------------------------------------------
INFO: [Synth 8-6157] synthesizing module 'mem_controller_top' [D:/Docs/Learning HCMUT/Logic design with HDL/Project 2 - Rework/DDR - AXI4Lite/DDR - AXI4Lite.srcs/sources_1/new/mem_controller_top.v:1]
INFO: [Synth 8-6157] synthesizing module 'axi_slave_interface' [D:/Docs/Learning HCMUT/Logic design with HDL/Project 2 - Rework/DDR - AXI4Lite/DDR - AXI4Lite.srcs/sources_1/new/axi_slave_interface.v:1]
	Parameter ADDR_WIDTH bound to: 32 - type: integer 
	Parameter DATA_WIDTH bound to: 32 - type: integer 
INFO: [Synth 8-155] case statement is not full and has no default [D:/Docs/Learning HCMUT/Logic design with HDL/Project 2 - Rework/DDR - AXI4Lite/DDR - AXI4Lite.srcs/sources_1/new/axi_slave_interface.v:117]
INFO: [Synth 8-6155] done synthesizing module 'axi_slave_interface' (0#1) [D:/Docs/Learning HCMUT/Logic design with HDL/Project 2 - Rework/DDR - AXI4Lite/DDR - AXI4Lite.srcs/sources_1/new/axi_slave_interface.v:1]
INFO: [Synth 8-6157] synthesizing module 'cmd_scheduler' [D:/Docs/Learning HCMUT/Logic design with HDL/Project 2 - Rework/DDR - AXI4Lite/DDR - AXI4Lite.srcs/sources_1/new/cmd_scheduler.v:1]
	Parameter ADDR_WIDTH bound to: 32 - type: integer 
	Parameter DATA_WIDTH bound to: 32 - type: integer 
	Parameter BANK_LSB bound to: 12 - type: integer 
	Parameter BANK_WIDTH bound to: 3 - type: integer 
INFO: [Synth 8-6155] done synthesizing module 'cmd_scheduler' (0#1) [D:/Docs/Learning HCMUT/Logic design with HDL/Project 2 - Rework/DDR - AXI4Lite/DDR - AXI4Lite.srcs/sources_1/new/cmd_scheduler.v:1]
INFO: [Synth 8-6157] synthesizing module 'refresh_timer' [D:/Docs/Learning HCMUT/Logic design with HDL/Project 2 - Rework/DDR - AXI4Lite/DDR - AXI4Lite.srcs/sources_1/new/refresh_timer.v:1]
	Parameter REFRESH_LIMIT bound to: 16'b0000001100001100 
INFO: [Synth 8-6155] done synthesizing module 'refresh_timer' (0#1) [D:/Docs/Learning HCMUT/Logic design with HDL/Project 2 - Rework/DDR - AXI4Lite/DDR - AXI4Lite.srcs/sources_1/new/refresh_timer.v:1]
INFO: [Synth 8-6157] synthesizing module 'protocol_engine' [D:/Docs/Learning HCMUT/Logic design with HDL/Project 2 - Rework/DDR - AXI4Lite/DDR - AXI4Lite.srcs/sources_1/new/protocol_engine.v:1]
INFO: [Synth 8-6155] done synthesizing module 'protocol_engine' (0#1) [D:/Docs/Learning HCMUT/Logic design with HDL/Project 2 - Rework/DDR - AXI4Lite/DDR - AXI4Lite.srcs/sources_1/new/protocol_engine.v:1]
INFO: [Synth 8-6155] done synthesizing module 'mem_controller_top' (0#1) [D:/Docs/Learning HCMUT/Logic design with HDL/Project 2 - Rework/DDR - AXI4Lite/DDR - AXI4Lite.srcs/sources_1/new/mem_controller_top.v:1]
WARNING: [Synth 8-7129] Port cmd_addr[31] in module protocol_engine is either unconnected or has no load
WARNING: [Synth 8-7129] Port cmd_addr[30] in module protocol_engine is either unconnected or has no load
---------------------------------------------------------------------------------
Finished RTL Elaboration : Time (s): cpu = 00:00:09 ; elapsed = 00:00:18 . Memory (MB): peak = 1427.652 ; gain = 667.613
---------------------------------------------------------------------------------
---------------------------------------------------------------------------------
Start Handling Custom Attributes
---------------------------------------------------------------------------------
---------------------------------------------------------------------------------
Finished Handling Custom Attributes : Time (s): cpu = 00:00:09 ; elapsed = 00:00:18 . Memory (MB): peak = 1427.652 ; gain = 667.613
---------------------------------------------------------------------------------
---------------------------------------------------------------------------------
Finished RTL Optimization Phase 1 : Time (s): cpu = 00:00:09 ; elapsed = 00:00:18 . Memory (MB): peak = 1427.652 ; gain = 667.613
---------------------------------------------------------------------------------
Netlist sorting complete. Time (s): cpu = 00:00:00 ; elapsed = 00:00:00.033 . Memory (MB): peak = 1427.652 ; gain = 0.000
INFO: [Project 1-570] Preparing netlist for logic optimization

Processing XDC Constraints
Initializing timing engine
Parsing XDC File [D:/Docs/Learning HCMUT/Logic design with HDL/Project 2 - Rework/DDR - AXI4Lite/DDR - AXI4Lite.srcs/constrs_1/new/mem_controller_top.xdc]
Finished Parsing XDC File [D:/Docs/Learning HCMUT/Logic design with HDL/Project 2 - Rework/DDR - AXI4Lite/DDR - AXI4Lite.srcs/constrs_1/new/mem_controller_top.xdc]
Completed Processing XDC Constraints

Netlist sorting complete. Time (s): cpu = 00:00:00 ; elapsed = 00:00:00.001 . Memory (MB): peak = 1515.375 ; gain = 0.000
INFO: [Project 1-111] Unisim Transformation Summary:
No Unisim elements were transformed.

Constraint Validation Runtime : Time (s): cpu = 00:00:00 ; elapsed = 00:00:00.023 . Memory (MB): peak = 1515.375 ; gain = 0.000
INFO: [Designutils 20-5440] No compile time benefit to using incremental synthesis; A full resynthesis will be run
INFO: [Designutils 20-4379] Flow is switching to default flow due to incremental criteria not met. If you would like to alter this behaviour and have the flow terminate instead, please set the following parameter config_implementation {autoIncr.Synth.RejectBehavior Terminate}
---------------------------------------------------------------------------------
Finished Constraint Validation : Time (s): cpu = 00:00:19 ; elapsed = 00:00:34 . Memory (MB): peak = 1515.375 ; gain = 755.336
---------------------------------------------------------------------------------
---------------------------------------------------------------------------------
Start Loading Part and Timing Information
---------------------------------------------------------------------------------
Loading part: xc7z020clg400-1
---------------------------------------------------------------------------------
Finished Loading Part and Timing Information : Time (s): cpu = 00:00:19 ; elapsed = 00:00:34 . Memory (MB): peak = 1515.375 ; gain = 755.336
---------------------------------------------------------------------------------
---------------------------------------------------------------------------------
Start Applying 'set_property' XDC Constraints
---------------------------------------------------------------------------------
---------------------------------------------------------------------------------
Finished applying 'set_property' XDC Constraints : Time (s): cpu = 00:00:19 ; elapsed = 00:00:34 . Memory (MB): peak = 1515.375 ; gain = 755.336
---------------------------------------------------------------------------------
INFO: [Synth 8-802] inferred FSM for state register 'state_reg' in module 'axi_slave_interface'
INFO: [Synth 8-802] inferred FSM for state register 'current_state_reg' in module 'protocol_engine'
---------------------------------------------------------------------------------------------------
                   State |                     New Encoding |                Previous Encoding 
---------------------------------------------------------------------------------------------------
                  S_IDLE |                               00 |                              000
               S_INT_CMD |                               01 |                              001
            S_WRITE_RESP |                               10 |                              010
             S_READ_RESP |                               11 |                              011
---------------------------------------------------------------------------------------------------
INFO: [Synth 8-3354] encoded FSM with state register 'state_reg' using encoding 'sequential' in module 'axi_slave_interface'
---------------------------------------------------------------------------------------------------
                   State |                     New Encoding |                Previous Encoding 
---------------------------------------------------------------------------------------------------
              STATE_INIT |                              000 |                             0000
              STATE_IDLE |                              001 |                             0001
           STATE_REFRESH |                              010 |                             0110
          STATE_ACTIVATE |                              011 |                             0010
             STATE_WRITE |                              100 |                             0100
              STATE_READ |                              101 |                             0011
         STATE_PRECHARGE |                              110 |                             0101
---------------------------------------------------------------------------------------------------
INFO: [Synth 8-3354] encoded FSM with state register 'current_state_reg' using encoding 'sequential' in module 'protocol_engine'
---------------------------------------------------------------------------------
Finished RTL Optimization Phase 2 : Time (s): cpu = 00:00:20 ; elapsed = 00:00:35 . Memory (MB): peak = 1515.375 ; gain = 755.336
---------------------------------------------------------------------------------
No constraint files found.
---------------------------------------------------------------------------------
Start RTL Component Statistics 
---------------------------------------------------------------------------------
Detailed RTL Component Info : 
+---Adders : 
	   2 Input   10 Bit       Adders := 1     
	   2 Input    8 Bit       Adders := 1     
	   4 Input    3 Bit       Adders := 1     
+---Registers : 
	               32 Bit    Registers := 16    
	               16 Bit    Registers := 1     
	               15 Bit    Registers := 1     
	                8 Bit    Registers := 1     
	                3 Bit    Registers := 2     
	                2 Bit    Registers := 2     
	                1 Bit    Registers := 24    
+---Muxes : 
	   2 Input   32 Bit        Muxes := 28    
	   4 Input   32 Bit        Muxes := 10    
	   2 Input   15 Bit        Muxes := 1     
	   6 Input   15 Bit        Muxes := 1     
	   2 Input   10 Bit        Muxes := 1     
	   2 Input    8 Bit        Muxes := 2     
	   6 Input    8 Bit        Muxes := 1     
	   2 Input    4 Bit        Muxes := 2     
	   7 Input    4 Bit        Muxes := 1     
	   6 Input    4 Bit        Muxes := 1     
	   4 Input    3 Bit        Muxes := 1     
	   2 Input    3 Bit        Muxes := 8     
	   6 Input    3 Bit        Muxes := 1     
	   4 Input    2 Bit        Muxes := 1     
	   2 Input    2 Bit        Muxes := 3     
	   2 Input    1 Bit        Muxes := 81    
	   4 Input    1 Bit        Muxes := 32    
	   6 Input    1 Bit        Muxes := 8     
---------------------------------------------------------------------------------
Finished RTL Component Statistics 
---------------------------------------------------------------------------------
---------------------------------------------------------------------------------
Start Part Resource Summary
---------------------------------------------------------------------------------
Part Resources:
DSPs: 220 (col length:60)
BRAMs: 280 (col length: RAMB18 60 RAMB36 30)
---------------------------------------------------------------------------------
Finished Part Resource Summary
---------------------------------------------------------------------------------
No constraint files found.
---------------------------------------------------------------------------------
Start Cross Boundary and Area Optimization
---------------------------------------------------------------------------------
---------------------------------------------------------------------------------
Finished Cross Boundary and Area Optimization : Time (s): cpu = 00:00:31 ; elapsed = 00:00:52 . Memory (MB): peak = 1594.129 ; gain = 834.090
---------------------------------------------------------------------------------
No constraint files found.
---------------------------------------------------------------------------------
Start Timing Optimization
---------------------------------------------------------------------------------
---------------------------------------------------------------------------------
Finished Timing Optimization : Time (s): cpu = 00:00:31 ; elapsed = 00:00:53 . Memory (MB): peak = 1594.129 ; gain = 834.090
---------------------------------------------------------------------------------
---------------------------------------------------------------------------------
Start Technology Mapping
---------------------------------------------------------------------------------
---------------------------------------------------------------------------------
Finished Technology Mapping : Time (s): cpu = 00:00:32 ; elapsed = 00:00:53 . Memory (MB): peak = 1594.129 ; gain = 834.090
---------------------------------------------------------------------------------
---------------------------------------------------------------------------------
Start IO Insertion
---------------------------------------------------------------------------------
---------------------------------------------------------------------------------
Start Flattening Before IO Insertion
---------------------------------------------------------------------------------
---------------------------------------------------------------------------------
Finished Flattening Before IO Insertion
---------------------------------------------------------------------------------
---------------------------------------------------------------------------------
Start Final Netlist Cleanup
---------------------------------------------------------------------------------
---------------------------------------------------------------------------------
Finished Final Netlist Cleanup
---------------------------------------------------------------------------------
---------------------------------------------------------------------------------
Finished IO Insertion : Time (s): cpu = 00:00:37 ; elapsed = 00:01:01 . Memory (MB): peak = 1717.910 ; gain = 957.871
---------------------------------------------------------------------------------
---------------------------------------------------------------------------------
Start Renaming Generated Instances
---------------------------------------------------------------------------------
---------------------------------------------------------------------------------
Finished Renaming Generated Instances : Time (s): cpu = 00:00:37 ; elapsed = 00:01:01 . Memory (MB): peak = 1717.910 ; gain = 957.871
---------------------------------------------------------------------------------
---------------------------------------------------------------------------------
Start Rebuilding User Hierarchy
---------------------------------------------------------------------------------
---------------------------------------------------------------------------------
Finished Rebuilding User Hierarchy : Time (s): cpu = 00:00:38 ; elapsed = 00:01:01 . Memory (MB): peak = 1717.910 ; gain = 957.871
---------------------------------------------------------------------------------
---------------------------------------------------------------------------------
Start Renaming Generated Ports
---------------------------------------------------------------------------------
---------------------------------------------------------------------------------
Finished Renaming Generated Ports : Time (s): cpu = 00:00:38 ; elapsed = 00:01:01 . Memory (MB): peak = 1717.910 ; gain = 957.871
---------------------------------------------------------------------------------
---------------------------------------------------------------------------------
Start Handling Custom Attributes
---------------------------------------------------------------------------------
---------------------------------------------------------------------------------
Finished Handling Custom Attributes : Time (s): cpu = 00:00:38 ; elapsed = 00:01:01 . Memory (MB): peak = 1717.910 ; gain = 957.871
---------------------------------------------------------------------------------
---------------------------------------------------------------------------------
Start Renaming Generated Nets
---------------------------------------------------------------------------------
---------------------------------------------------------------------------------
Finished Renaming Generated Nets : Time (s): cpu = 00:00:38 ; elapsed = 00:01:01 . Memory (MB): peak = 1717.910 ; gain = 957.871
---------------------------------------------------------------------------------
---------------------------------------------------------------------------------
Start Writing Synthesis Report
---------------------------------------------------------------------------------

Report BlackBoxes: 
+-+--------------+----------+
| |BlackBox name |Instances |
+-+--------------+----------+
+-+--------------+----------+

Report Cell Usage: 
+------+------+------+
|      |Cell  |Count |
+------+------+------+
|1     |BUFG  |     1|
|2     |LUT1  |     2|
|3     |LUT2  |    16|
|4     |LUT3  |   115|
|5     |LUT4  |   152|
|6     |LUT5  |   140|
|7     |LUT6  |   315|
|8     |FDCE  |   564|
|9     |FDPE  |     3|
|10    |IBUF  |    99|
|11    |IOBUF |    32|
|12    |OBUF  |    64|
+------+------+------+
---------------------------------------------------------------------------------
Finished Writing Synthesis Report : Time (s): cpu = 00:00:38 ; elapsed = 00:01:01 . Memory (MB): peak = 1717.910 ; gain = 957.871
---------------------------------------------------------------------------------
Synthesis finished with 0 errors, 0 critical warnings and 0 warnings.
Synthesis Optimization Runtime : Time (s): cpu = 00:00:27 ; elapsed = 00:00:58 . Memory (MB): peak = 1717.910 ; gain = 870.148
Synthesis Optimization Complete : Time (s): cpu = 00:00:38 ; elapsed = 00:01:01 . Memory (MB): peak = 1717.910 ; gain = 957.871
INFO: [Project 1-571] Translating synthesized netlist
Netlist sorting complete. Time (s): cpu = 00:00:00 ; elapsed = 00:00:00.034 . Memory (MB): peak = 1729.977 ; gain = 0.000
INFO: [Netlist 29-17] Analyzing 32 Unisim elements for replacement
INFO: [Netlist 29-28] Unisim Transformation completed in 0 CPU seconds
INFO: [Project 1-570] Preparing netlist for logic optimization
INFO: [Opt 31-138] Pushed 0 inverter(s) to 0 load pin(s).
Netlist sorting complete. Time (s): cpu = 00:00:00 ; elapsed = 00:00:00.001 . Memory (MB): peak = 1834.164 ; gain = 0.000
INFO: [Project 1-111] Unisim Transformation Summary:
  A total of 32 instances were transformed.
  IOBUF => IOBUF (IBUF, OBUFT): 32 instances

Synth Design complete | Checksum: a622ac5c
INFO: [Common 17-83] Releasing license: Synthesis
35 Infos, 2 Warnings, 0 Critical Warnings and 0 Errors encountered.
synth_design completed successfully
synth_design: Time (s): cpu = 00:00:43 ; elapsed = 00:01:14 . Memory (MB): peak = 1834.164 ; gain = 1303.328
Write ShapeDB Complete: Time (s): cpu = 00:00:00 ; elapsed = 00:00:00.006 . Memory (MB): peak = 1834.164 ; gain = 0.000
INFO: [Common 17-1381] The checkpoint 'D:/Docs/Learning HCMUT/Logic design with HDL/Project 2 - Rework/DDR - AXI4Lite/DDR - AXI4Lite.runs/synth_1/mem_controller_top.dcp' has been generated.
INFO: [Vivado 12-24828] Executing command : report_utilization -file mem_controller_top_utilization_synth.rpt -pb mem_controller_top_utilization_synth.pb
INFO: [Common 17-206] Exiting Vivado at Fri Jun  5 01:18:15 2026...
