Copyright 1986-2022 Xilinx, Inc. All Rights Reserved. Copyright 2022-2025 Advanced Micro Devices, Inc. All Rights Reserved.
---------------------------------------------------------------------------------------------------------------------------------------------
| Tool Version : Vivado v.2025.2 (win64) Build 6299465 Fri Nov 14 19:35:11 GMT 2025
| Date         : Fri Jun  5 01:19:11 2026
| Host         : NguyenDuc running 64-bit major release  (build 9200)
| Command      : report_drc -file mem_controller_top_drc_opted.rpt -pb mem_controller_top_drc_opted.pb -rpx mem_controller_top_drc_opted.rpx
| Design       : mem_controller_top
| Device       : xc7z020clg400-1
| Speed File   : -1
| Design State : Synthesized
---------------------------------------------------------------------------------------------------------------------------------------------

Report DRC

Table of Contents
-----------------
1. REPORT SUMMARY
2. REPORT DETAILS

1. REPORT SUMMARY
-----------------
            Netlist: netlist
          Floorplan: design_1
      Design limits: <entire design considered>
           Ruledeck: default
             Max checks: <unlimited>
             Checks found: 4
+---------+------------------+----------------------------+--------+
| Rule    | Severity         | Description                | Checks |
+---------+------------------+----------------------------+--------+
| NSTD-1  | Critical Warning | Unspecified I/O Standard   | 1      |
| UCIO-1  | Critical Warning | Unconstrained Logical Port | 1      |
| IOCNT-1 | Warning          | Number of IOs              | 1      |
| ZPS7-1  | Warning          | PS7 block required         | 1      |
+---------+------------------+----------------------------+--------+

2. REPORT DETAILS
-----------------
NSTD-1#1 Critical Warning
Unspecified I/O Standard  
195 out of 195 logical ports use I/O standard (IOSTANDARD) value 'DEFAULT', instead of a user assigned specific value. This may cause I/O contention or incompatibility with the board power or connectivity affecting performance, signal integrity or in extreme cases cause damage to the device or the components to which it is connected. To correct this violation, specify all I/O standards. This design will fail to generate a bitstream unless all logical ports have a user specified I/O standard value defined. To allow bitstream creation with unspecified I/O standard values (not recommended), use this command: set_property SEVERITY {Warning} [get_drc_checks NSTD-1].  NOTE: When using the Vivado Runs infrastructure (e.g. launch_runs Tcl command), add this command to a .tcl file and add that file as a pre-hook for write_bitstream step for the implementation run. Problem ports: mem_addr[14:0], mem_ba[2:0], mem_dq[31:0], s_axi_araddr[18],
s_axi_araddr[19], s_axi_araddr[20], s_axi_araddr[21], s_axi_araddr[22],
s_axi_araddr[23], s_axi_araddr[24], s_axi_araddr[25], s_axi_araddr[26],
s_axi_araddr[27], s_axi_araddr[28], s_axi_araddr[29]
 (the first 15 of 84 listed).
Related violations: <none>

UCIO-1#1 Critical Warning
Unconstrained Logical Port  
195 out of 195 logical ports have no user assigned specific location constraint (LOC). This may cause I/O contention or incompatibility with the board power or connectivity affecting performance, signal integrity or in extreme cases cause damage to the device or the components to which it is connected. To correct this violation, specify all pin locations. This design will fail to generate a bitstream unless all logical ports have a user specified site LOC constraint defined.  To allow bitstream creation with unspecified pin locations (not recommended), use this command: set_property SEVERITY {Warning} [get_drc_checks UCIO-1].  NOTE: When using the Vivado Runs infrastructure (e.g. launch_runs Tcl command), add this command to a .tcl file and add that file as a pre-hook for write_bitstream step for the implementation run.  Problem ports: mem_addr[14:0], mem_ba[2:0], mem_dq[31:0], s_axi_araddr[18],
s_axi_araddr[19], s_axi_araddr[20], s_axi_araddr[21], s_axi_araddr[22],
s_axi_araddr[23], s_axi_araddr[24], s_axi_araddr[25], s_axi_araddr[26],
s_axi_araddr[27], s_axi_araddr[28], s_axi_araddr[29]
 (the first 15 of 84 listed).
Related violations: <none>

IOCNT-1#1 Warning
Number of IOs  
The design contains 195 unplaced I/O ports while the target device, xc7z020clg400-1, has 125 remaining available user I/O pins. This DRC assumes that all ports which do not drive MGT pins should be placed on user I/O pins. To correct this issue:
1. Ensure you are targeting the correct device and package. Select a larger device or different package if necessary.
2. Check the top-level ports of the design to ensure the correct number of ports are specified.
3. Consider design changes to reduce the number of user I/O pins needed.

Related violations: <none>

ZPS7-1#1 Warning
PS7 block required  
The PS7 cell must be used in this Zynq design in order to enable correct default configuration.
Related violations: <none>


